[Mon May 06 19:49:03.921386 2024] [php:warn] [pid 28310] [client ::1:58954] PHP Warning:  Undefined array key "prEmail" in /Users/nelnoki/localhost/php/registration_form.php on line 74, referer: http://localhost/index.php?page=registration_form
[Mon May 06 19:49:03.921424 2024] [php:warn] [pid 28310] [client ::1:58954] PHP Warning:  Undefined variable $chosen_courses in /Users/nelnoki/localhost/php/registration_form.php on line 81, referer: http://localhost/index.php?page=registration_form
[Mon May 06 19:49:03.921441 2024] [php:warn] [pid 28310] [client ::1:58954] PHP Warning:  foreach() argument must be of type array|object, null given in /Users/nelnoki/localhost/php/registration_form.php on line 81, referer: http://localhost/index.php?page=registration_form
[Mon May 06 19:49:25.842329 2024] [php:warn] [pid 28341] [client ::1:59048] PHP Warning:  Undefined array key "stBirthyear" in /Users/nelnoki/localhost/php/registration_form.php on line 68, referer: http://localhost/index.php?page=registration_form
[Mon May 06 19:49:25.843064 2024] [php:warn] [pid 28341] [client ::1:59048] PHP Warning:  Undefined array key "stNumber" in /Users/nelnoki/localhost/php/registration_form.php on line 69, referer: http://localhost/index.php?page=registration_form
[Mon May 06 19:49:25.843107 2024] [php:warn] [pid 28341] [client ::1:59048] PHP Warning:  Undefined array key "prName" in /Users/nelnoki/localhost/php/registration_form.php on line 70, referer: http://localhost/index.php?page=registration_form
[Mon May 06 19:49:25.843139 2024] [php:warn] [pid 28341] [client ::1:59048] PHP Warning:  Undefined array key "prSurname" in /Users/nelnoki/localhost/php/registration_form.php on line 71, referer: http://localhost/index.php?page=registration_form
[Mon May 06 19:49:25.843165 2024] [php:warn] [pid 28341] [client ::1:59048] PHP Warning:  Undefined array key "prPatronym" in /Users/nelnoki/localhost/php/registration_form.php on line 72, referer: http://localhost/index.php?page=registration_form
[Mon May 06 19:49:25.843190 2024] [php:warn] [pid 28341] [client ::1:59048] PHP Warning:  Undefined array key "prNumber" in /Users/nelnoki/localhost/php/registration_form.php on line 73, referer: http://localhost/index.php?page=registration_form
[Mon May 06 19:49:25.843213 2024] [php:warn] [pid 28341] [client ::1:59048] PHP Warning:  Undefined array key "prEmail" in /Users/nelnoki/localhost/php/registration_form.php on line 74, referer: http://localhost/index.php?page=registration_form
[Mon May 06 19:49:25.843266 2024] [php:warn] [pid 28341] [client ::1:59048] PHP Warning:  Undefined variable $chosen_courses in /Users/nelnoki/localhost/php/registration_form.php on line 81, referer: http://localhost/index.php?page=registration_form
[Mon May 06 19:49:25.843306 2024] [php:warn] [pid 28341] [client ::1:59048] PHP Warning:  foreach() argument must be of type array|object, null given in /Users/nelnoki/localhost/php/registration_form.php on line 81, referer: http://localhost/index.php?page=registration_form
[Mon May 06 19:49:37.962536 2024] [php:warn] [pid 28229] [client ::1:59049] PHP Warning:  Undefined variable $chosen_courses in /Users/nelnoki/localhost/php/registration_form.php on line 81, referer: http://localhost/index.php?page=registration_form&action=add_application
[Mon May 06 19:49:37.962954 2024] [php:warn] [pid 28229] [client ::1:59049] PHP Warning:  foreach() argument must be of type array|object, null given in /Users/nelnoki/localhost/php/registration_form.php on line 81, referer: http://localhost/index.php?page=registration_form&action=add_application
[Mon May 06 20:01:26.560576 2024] [php:error] [pid 28185] [client ::1:62175] PHP Fatal error:  Uncaught mysqli_sql_exception: Incorrect integer value: '' for column 'stNumber' at row 1 in /Users/nelnoki/localhost/php/registration_form.php:77\nStack trace:\n#0 /Users/nelnoki/localhost/php/registration_form.php(77): mysqli_query(Object(mysqli), 'INSERT INTO app...')\n#1 /Users/nelnoki/localhost/index.php(111): include('/Users/nelnoki/...')\n#2 {main}\n  thrown in /Users/nelnoki/localhost/php/registration_form.php on line 77, referer: http://localhost/index.php?page=registration_form&action=add_application
[Mon May 06 20:01:28.854445 2024] [php:error] [pid 28284] [client ::1:62176] PHP Fatal error:  Uncaught mysqli_sql_exception: Incorrect integer value: '' for column 'stNumber' at row 1 in /Users/nelnoki/localhost/php/registration_form.php:77\nStack trace:\n#0 /Users/nelnoki/localhost/php/registration_form.php(77): mysqli_query(Object(mysqli), 'INSERT INTO app...')\n#1 /Users/nelnoki/localhost/index.php(111): include('/Users/nelnoki/...')\n#2 {main}\n  thrown in /Users/nelnoki/localhost/php/registration_form.php on line 77, referer: http://localhost/index.php?page=registration_form&action=add_application
[Mon May 06 20:03:14.254688 2024] [php:error] [pid 28439] [client ::1:62635] PHP Fatal error:  Uncaught mysqli_sql_exception: Incorrect integer value: '' for column 'stNumber' at row 1 in /Users/nelnoki/localhost/php/registration_form.php:77\nStack trace:\n#0 /Users/nelnoki/localhost/php/registration_form.php(77): mysqli_query(Object(mysqli), 'INSERT INTO app...')\n#1 /Users/nelnoki/localhost/index.php(111): include('/Users/nelnoki/...')\n#2 {main}\n  thrown in /Users/nelnoki/localhost/php/registration_form.php on line 77, referer: http://localhost/index.php?page=registration_form&action=add_application
[Mon May 06 20:04:29.722093 2024] [php:error] [pid 28349] [client ::1:62975] PHP Fatal error:  Uncaught mysqli_sql_exception: Incorrect integer value: '' for column 'stNumber' at row 1 in /Users/nelnoki/localhost/php/registration_form.php:77\nStack trace:\n#0 /Users/nelnoki/localhost/php/registration_form.php(77): mysqli_query(Object(mysqli), 'INSERT INTO app...')\n#1 /Users/nelnoki/localhost/index.php(111): include('/Users/nelnoki/...')\n#2 {main}\n  thrown in /Users/nelnoki/localhost/php/registration_form.php on line 77, referer: http://localhost/index.php?page=registration_form&action=add_application
[Mon May 06 20:05:18.588679 2024] [php:error] [pid 28348] [client ::1:63189] PHP Fatal error:  Uncaught mysqli_sql_exception: Incorrect integer value: '' for column 'stNumber' at row 1 in /Users/nelnoki/localhost/php/registration_form.php:77\nStack trace:\n#0 /Users/nelnoki/localhost/php/registration_form.php(77): mysqli_query(Object(mysqli), 'INSERT INTO app...')\n#1 /Users/nelnoki/localhost/index.php(111): include('/Users/nelnoki/...')\n#2 {main}\n  thrown in /Users/nelnoki/localhost/php/registration_form.php on line 77, referer: http://localhost/index.php?page=registration_form&action=add_application
[Mon May 06 20:10:21.753728 2024] [php:error] [pid 28185] [client ::1:65072] PHP Fatal error:  Uncaught mysqli_sql_exception: Incorrect integer value: '' for column 'stNumber' at row 1 in /Users/nelnoki/localhost/php/registration_form.php:77\nStack trace:\n#0 /Users/nelnoki/localhost/php/registration_form.php(77): mysqli_query(Object(mysqli), 'INSERT INTO app...')\n#1 /Users/nelnoki/localhost/index.php(111): include('/Users/nelnoki/...')\n#2 {main}\n  thrown in /Users/nelnoki/localhost/php/registration_form.php on line 77, referer: http://localhost/index.php?page=registration_form
[Mon May 06 20:12:55.880303 2024] [php:error] [pid 29158] [client ::1:49365] PHP Fatal error:  Uncaught mysqli_sql_exception: Incorrect integer value: '' for column 'stNumber' at row 1 in /Users/nelnoki/localhost/php/registration_form.php:77\nStack trace:\n#0 /Users/nelnoki/localhost/php/registration_form.php(77): mysqli_query(Object(mysqli), 'INSERT INTO app...')\n#1 /Users/nelnoki/localhost/index.php(111): include('/Users/nelnoki/...')\n#2 {main}\n  thrown in /Users/nelnoki/localhost/php/registration_form.php on line 77, referer: http://localhost/index.php?page=registration_form
[Mon May 06 20:14:27.809522 2024] [php:error] [pid 28310] [client ::1:49760] PHP Fatal error:  Uncaught mysqli_sql_exception: Incorrect integer value: '' for column 'stNumber' at row 1 in /Users/nelnoki/localhost/php/registration_form.php:77\nStack trace:\n#0 /Users/nelnoki/localhost/php/registration_form.php(77): mysqli_query(Object(mysqli), 'INSERT INTO app...')\n#1 /Users/nelnoki/localhost/index.php(111): include('/Users/nelnoki/...')\n#2 {main}\n  thrown in /Users/nelnoki/localhost/php/registration_form.php on line 77, referer: http://localhost/index.php?page=registration_form
[Mon May 06 20:14:48.656710 2024] [php:error] [pid 28341] [client ::1:49783] PHP Fatal error:  Uncaught mysqli_sql_exception: Incorrect integer value: '' for column 'stNumber' at row 1 in /Users/nelnoki/localhost/php/registration_form.php:77\nStack trace:\n#0 /Users/nelnoki/localhost/php/registration_form.php(77): mysqli_query(Object(mysqli), 'INSERT INTO app...')\n#1 /Users/nelnoki/localhost/index.php(111): include('/Users/nelnoki/...')\n#2 {main}\n  thrown in /Users/nelnoki/localhost/php/registration_form.php on line 77, referer: http://localhost/index.php?page=registration_form
[Mon May 06 20:19:21.216628 2024] [php:warn] [pid 28171] [client ::1:51002] PHP Warning:  Undefined array key "stNumbprNumberer" in /Users/nelnoki/localhost/php/registration_form.php on line 73, referer: http://localhost/index.php?page=registration_form
[Mon May 06 20:52:41.100459 2024] [php:warn] [pid 28310] [client ::1:59912] PHP Warning:  Undefined variable $chosen_courses in /Users/nelnoki/localhost/php/registration_form.php on line 85, referer: http://localhost/index.php?page=registration_form&action=add_application
[Mon May 06 20:52:41.101182 2024] [php:error] [pid 28310] [client ::1:59912] PHP Fatal error:  Uncaught mysqli_sql_exception: You have an error in your SQL syntax; check the manual that corresponds to your MySQL server version for the right syntax to use near '' at line 1 in /Users/nelnoki/localhost/php/registration_form.php:86\nStack trace:\n#0 /Users/nelnoki/localhost/php/registration_form.php(86): mysqli_query(Object(mysqli), 'SELECT ID FROM ...')\n#1 /Users/nelnoki/localhost/index.php(111): include('/Users/nelnoki/...')\n#2 {main}\n  thrown in /Users/nelnoki/localhost/php/registration_form.php on line 86, referer: http://localhost/index.php?page=registration_form&action=add_application
[Mon May 06 20:53:31.922957 2024] [php:warn] [pid 28229] [client ::1:60123] PHP Warning:  Array to string conversion in /Users/nelnoki/localhost/php/registration_form.php on line 86, referer: http://localhost/index.php?page=registration_form&action=add_application
[Mon May 06 20:53:31.923838 2024] [php:error] [pid 28229] [client ::1:60123] PHP Fatal error:  Uncaught mysqli_sql_exception: Unknown column 'Array' in 'where clause' in /Users/nelnoki/localhost/php/registration_form.php:87\nStack trace:\n#0 /Users/nelnoki/localhost/php/registration_form.php(87): mysqli_query(Object(mysqli), 'SELECT ID FROM ...')\n#1 /Users/nelnoki/localhost/index.php(111): include('/Users/nelnoki/...')\n#2 {main}\n  thrown in /Users/nelnoki/localhost/php/registration_form.php on line 87, referer: http://localhost/index.php?page=registration_form&action=add_application
[Mon May 06 20:54:12.593828 2024] [php:error] [pid 28185] [client ::1:60263] PHP Fatal error:  Uncaught mysqli_sql_exception: Unknown column 'BV' in 'where clause' in /Users/nelnoki/localhost/php/registration_form.php:87\nStack trace:\n#0 /Users/nelnoki/localhost/php/registration_form.php(87): mysqli_query(Object(mysqli), 'SELECT ID FROM ...')\n#1 /Users/nelnoki/localhost/index.php(111): include('/Users/nelnoki/...')\n#2 {main}\n  thrown in /Users/nelnoki/localhost/php/registration_form.php on line 87, referer: http://localhost/index.php?page=registration_form
[Mon May 06 20:56:04.252173 2024] [php:error] [pid 29158] [client ::1:60728] PHP Fatal error:  Uncaught mysqli_sql_exception: Unknown column 'BV' in 'where clause' in /Users/nelnoki/localhost/php/registration_form.php:87\nStack trace:\n#0 /Users/nelnoki/localhost/php/registration_form.php(87): mysqli_query(Object(mysqli), 'SELECT ID FROM ...')\n#1 /Users/nelnoki/localhost/index.php(111): include('/Users/nelnoki/...')\n#2 {main}\n  thrown in /Users/nelnoki/localhost/php/registration_form.php on line 87, referer: http://localhost/index.php?page=registration_form
[Mon May 06 20:56:59.537490 2024] [php:error] [pid 28310] [client ::1:61016] PHP Fatal error:  Uncaught mysqli_sql_exception: Unknown column 'BV' in 'where clause' in /Users/nelnoki/localhost/php/registration_form.php:88\nStack trace:\n#0 /Users/nelnoki/localhost/php/registration_form.php(88): mysqli_query(Object(mysqli), 'SELECT ID FROM ...')\n#1 /Users/nelnoki/localhost/index.php(111): include('/Users/nelnoki/...')\n#2 {main}\n  thrown in /Users/nelnoki/localhost/php/registration_form.php on line 88, referer: http://localhost/index.php?page=registration_form
[Mon May 06 20:58:32.674704 2024] [php:error] [pid 28229] [client ::1:61424] PHP Fatal error:  Uncaught mysqli_sql_exception: Unknown column 'N' in 'where clause' in /Users/nelnoki/localhost/php/registration_form.php:88\nStack trace:\n#0 /Users/nelnoki/localhost/php/registration_form.php(88): mysqli_query(Object(mysqli), 'SELECT ID FROM ...')\n#1 /Users/nelnoki/localhost/index.php(111): include('/Users/nelnoki/...')\n#2 {main}\n  thrown in /Users/nelnoki/localhost/php/registration_form.php on line 88, referer: http://localhost/index.php?page=registration_form&action=add_application
[Mon May 06 21:00:52.056108 2024] [php:error] [pid 28341] [client ::1:62024] PHP Fatal error:  Uncaught mysqli_sql_exception: You have an error in your SQL syntax; check the manual that corresponds to your MySQL server version for the right syntax to use near 'IS' at line 1 in /Users/nelnoki/localhost/php/registration_form.php:88\nStack trace:\n#0 /Users/nelnoki/localhost/php/registration_form.php(88): mysqli_query(Object(mysqli), 'select ID from ...')\n#1 /Users/nelnoki/localhost/index.php(111): include('/Users/nelnoki/...')\n#2 {main}\n  thrown in /Users/nelnoki/localhost/php/registration_form.php on line 88, referer: http://localhost/index.php?page=registration_form&action=add_application
[Mon May 06 21:01:52.470520 2024] [php:error] [pid 28284] [client ::1:62287] PHP Fatal error:  Uncaught mysqli_sql_exception: Unknown column 'BV' in 'where clause' in /Users/nelnoki/localhost/php/registration_form.php:89\nStack trace:\n#0 /Users/nelnoki/localhost/php/registration_form.php(89): mysqli_query(Object(mysqli), 'select ID from ...')\n#1 /Users/nelnoki/localhost/index.php(111): include('/Users/nelnoki/...')\n#2 {main}\n  thrown in /Users/nelnoki/localhost/php/registration_form.php on line 89, referer: http://localhost/index.php?page=registration_form&action=add_application
[Mon May 06 21:03:30.216277 2024] [php:error] [pid 29158] [client ::1:62712] PHP Fatal error:  Uncaught mysqli_sql_exception: You have an error in your SQL syntax; check the manual that corresponds to your MySQL server version for the right syntax to use near '.BV.''' at line 1 in /Users/nelnoki/localhost/php/registration_form.php:89\nStack trace:\n#0 /Users/nelnoki/localhost/php/registration_form.php(89): mysqli_query(Object(mysqli), 'select ID from ...')\n#1 /Users/nelnoki/localhost/index.php(111): include('/Users/nelnoki/...')\n#2 {main}\n  thrown in /Users/nelnoki/localhost/php/registration_form.php on line 89, referer: http://localhost/index.php?page=registration_form&action=add_application
[Mon May 06 21:03:58.117035 2024] [php:error] [pid 28310] [client ::1:62830] PHP Fatal error:  Uncaught mysqli_sql_exception: You have an error in your SQL syntax; check the manual that corresponds to your MySQL server version for the right syntax to use near 'BV''' at line 1 in /Users/nelnoki/localhost/php/registration_form.php:89\nStack trace:\n#0 /Users/nelnoki/localhost/php/registration_form.php(89): mysqli_query(Object(mysqli), 'select ID from ...')\n#1 /Users/nelnoki/localhost/index.php(111): include('/Users/nelnoki/...')\n#2 {main}\n  thrown in /Users/nelnoki/localhost/php/registration_form.php on line 89, referer: http://localhost/index.php?page=registration_form&action=add_application
[Mon May 06 21:05:54.229740 2024] [php:warn] [pid 28229] [client ::1:63324] PHP Warning:  Array to string conversion in /Users/nelnoki/localhost/php/registration_form.php on line 92, referer: http://localhost/index.php?page=registration_form&action=add_application
[Mon May 06 21:05:54.230893 2024] [php:error] [pid 28229] [client ::1:63324] PHP Fatal error:  Uncaught mysqli_sql_exception: Incorrect integer value: 'Array' for column 'courseID' at row 1 in /Users/nelnoki/localhost/php/registration_form.php:93\nStack trace:\n#0 /Users/nelnoki/localhost/php/registration_form.php(93): mysqli_query(Object(mysqli), 'INSERT INTO Cou...')\n#1 /Users/nelnoki/localhost/index.php(111): include('/Users/nelnoki/...')\n#2 {main}\n  thrown in /Users/nelnoki/localhost/php/registration_form.php on line 93, referer: http://localhost/index.php?page=registration_form&action=add_application
[Mon May 06 21:07:26.976333 2024] [php:warn] [pid 28341] [client ::1:63707] PHP Warning:  Array to string conversion in /Users/nelnoki/localhost/php/registration_form.php on line 91, referer: http://localhost/index.php?page=registration_form&action=add_application
[Mon May 06 21:07:26.977115 2024] [php:warn] [pid 28341] [client ::1:63707] PHP Warning:  Array to string conversion in /Users/nelnoki/localhost/php/registration_form.php on line 93, referer: http://localhost/index.php?page=registration_form&action=add_application
[Mon May 06 21:07:26.977502 2024] [php:error] [pid 28341] [client ::1:63707] PHP Fatal error:  Uncaught mysqli_sql_exception: Incorrect integer value: 'Array' for column 'courseID' at row 1 in /Users/nelnoki/localhost/php/registration_form.php:94\nStack trace:\n#0 /Users/nelnoki/localhost/php/registration_form.php(94): mysqli_query(Object(mysqli), 'INSERT INTO Cou...')\n#1 /Users/nelnoki/localhost/index.php(111): include('/Users/nelnoki/...')\n#2 {main}\n  thrown in /Users/nelnoki/localhost/php/registration_form.php on line 94, referer: http://localhost/index.php?page=registration_form&action=add_application
[Mon May 06 21:07:31.761606 2024] [php:warn] [pid 28341] [client ::1:63707] PHP Warning:  Array to string conversion in /Users/nelnoki/localhost/php/registration_form.php on line 91, referer: http://localhost/index.php?page=registration_form&action=add_application
[Mon May 06 21:07:31.761873 2024] [php:warn] [pid 28341] [client ::1:63707] PHP Warning:  Array to string conversion in /Users/nelnoki/localhost/php/registration_form.php on line 93, referer: http://localhost/index.php?page=registration_form&action=add_application
[Mon May 06 21:07:31.762054 2024] [php:error] [pid 28341] [client ::1:63707] PHP Fatal error:  Uncaught mysqli_sql_exception: Incorrect integer value: 'Array' for column 'courseID' at row 1 in /Users/nelnoki/localhost/php/registration_form.php:94\nStack trace:\n#0 /Users/nelnoki/localhost/php/registration_form.php(94): mysqli_query(Object(mysqli), 'INSERT INTO Cou...')\n#1 /Users/nelnoki/localhost/index.php(111): include('/Users/nelnoki/...')\n#2 {main}\n  thrown in /Users/nelnoki/localhost/php/registration_form.php on line 94, referer: http://localhost/index.php?page=registration_form&action=add_application
[Mon May 06 21:09:17.669052 2024] [php:warn] [pid 28284] [client ::1:64207] PHP Warning:  Array to string conversion in /Users/nelnoki/localhost/php/registration_form.php on line 90, referer: http://localhost/index.php?page=registration_form&action=add_application
[Mon May 06 21:09:17.670366 2024] [php:error] [pid 28284] [client ::1:64207] PHP Fatal error:  Uncaught mysqli_sql_exception: Incorrect integer value: 'Array' for column 'courseID' at row 1 in /Users/nelnoki/localhost/php/registration_form.php:91\nStack trace:\n#0 /Users/nelnoki/localhost/php/registration_form.php(91): mysqli_query(Object(mysqli), 'INSERT INTO Cou...')\n#1 /Users/nelnoki/localhost/index.php(111): include('/Users/nelnoki/...')\n#2 {main}\n  thrown in /Users/nelnoki/localhost/php/registration_form.php on line 91, referer: http://localhost/index.php?page=registration_form&action=add_application
[Mon May 06 22:59:49.725342 2024] [php:error] [pid 29158] [client ::1:65242] PHP Fatal error:  Uncaught Error: Object of class mysqli_result could not be converted to string in /Users/nelnoki/localhost/php/applications.php:12\nStack trace:\n#0 /Users/nelnoki/localhost/index.php(111): include()\n#1 {main}\n  thrown in /Users/nelnoki/localhost/php/applications.php on line 12, referer: http://localhost/index.php?page=home
[Mon May 06 23:13:35.372889 2024] [php:warn] [pid 28310] [client ::1:52353] PHP Warning:  Undefined variable $k in /Users/nelnoki/localhost/php/applications.php on line 15, referer: http://localhost/index.php?page=home
[Mon May 06 23:13:35.373963 2024] [php:warn] [pid 28310] [client ::1:52353] PHP Warning:  Trying to access array offset on null in /Users/nelnoki/localhost/php/applications.php on line 15, referer: http://localhost/index.php?page=home
[Mon May 06 23:13:35.374004 2024] [php:warn] [pid 28310] [client ::1:52353] PHP Warning:  Undefined variable $k in /Users/nelnoki/localhost/php/applications.php on line 18, referer: http://localhost/index.php?page=home
[Mon May 06 23:13:35.374024 2024] [php:warn] [pid 28310] [client ::1:52353] PHP Warning:  Trying to access array offset on null in /Users/nelnoki/localhost/php/applications.php on line 18, referer: http://localhost/index.php?page=home
[Mon May 06 23:13:35.374043 2024] [php:warn] [pid 28310] [client ::1:52353] PHP Warning:  Undefined variable $k in /Users/nelnoki/localhost/php/applications.php on line 23, referer: http://localhost/index.php?page=home
[Mon May 06 23:13:35.374059 2024] [php:warn] [pid 28310] [client ::1:52353] PHP Warning:  Trying to access array offset on null in /Users/nelnoki/localhost/php/applications.php on line 23, referer: http://localhost/index.php?page=home
[Mon May 06 23:13:35.374075 2024] [php:warn] [pid 28310] [client ::1:52353] PHP Warning:  Undefined variable $k in /Users/nelnoki/localhost/php/applications.php on line 24, referer: http://localhost/index.php?page=home
[Mon May 06 23:13:35.374091 2024] [php:warn] [pid 28310] [client ::1:52353] PHP Warning:  Trying to access array offset on null in /Users/nelnoki/localhost/php/applications.php on line 24, referer: http://localhost/index.php?page=home
[Mon May 06 23:13:35.374106 2024] [php:warn] [pid 28310] [client ::1:52353] PHP Warning:  Undefined variable $k in /Users/nelnoki/localhost/php/applications.php on line 25, referer: http://localhost/index.php?page=home
[Mon May 06 23:13:35.374121 2024] [php:warn] [pid 28310] [client ::1:52353] PHP Warning:  Trying to access array offset on null in /Users/nelnoki/localhost/php/applications.php on line 25, referer: http://localhost/index.php?page=home
[Mon May 06 23:13:35.374136 2024] [php:warn] [pid 28310] [client ::1:52353] PHP Warning:  Undefined variable $k in /Users/nelnoki/localhost/php/applications.php on line 26, referer: http://localhost/index.php?page=home
[Mon May 06 23:13:35.374151 2024] [php:warn] [pid 28310] [client ::1:52353] PHP Warning:  Trying to access array offset on null in /Users/nelnoki/localhost/php/applications.php on line 26, referer: http://localhost/index.php?page=home
[Mon May 06 23:13:35.374199 2024] [php:warn] [pid 28310] [client ::1:52353] PHP Warning:  Undefined variable $k in /Users/nelnoki/localhost/php/applications.php on line 27, referer: http://localhost/index.php?page=home
[Mon May 06 23:13:35.374217 2024] [php:warn] [pid 28310] [client ::1:52353] PHP Warning:  Trying to access array offset on null in /Users/nelnoki/localhost/php/applications.php on line 27, referer: http://localhost/index.php?page=home
[Mon May 06 23:13:35.374233 2024] [php:warn] [pid 28310] [client ::1:52353] PHP Warning:  Undefined variable $cRes in /Users/nelnoki/localhost/php/applications.php on line 28, referer: http://localhost/index.php?page=home
[Mon May 06 23:13:35.374336 2024] [php:error] [pid 28310] [client ::1:52353] PHP Fatal error:  Uncaught TypeError: mysqli_fetch_array(): Argument #1 ($result) must be of type mysqli_result, null given in /Users/nelnoki/localhost/php/applications.php:28\nStack trace:\n#0 /Users/nelnoki/localhost/php/applications.php(28): mysqli_fetch_array(NULL)\n#1 /Users/nelnoki/localhost/index.php(111): include('/Users/nelnoki/...')\n#2 {main}\n  thrown in /Users/nelnoki/localhost/php/applications.php on line 28, referer: http://localhost/index.php?page=home
[Mon May 06 23:14:00.096755 2024] [php:warn] [pid 28229] [client ::1:52464] PHP Warning:  Undefined variable $cRes in /Users/nelnoki/localhost/php/applications.php on line 28, referer: http://localhost/index.php?page=home
[Mon May 06 23:14:00.097248 2024] [php:error] [pid 28229] [client ::1:52464] PHP Fatal error:  Uncaught TypeError: mysqli_fetch_array(): Argument #1 ($result) must be of type mysqli_result, null given in /Users/nelnoki/localhost/php/applications.php:28\nStack trace:\n#0 /Users/nelnoki/localhost/php/applications.php(28): mysqli_fetch_array(NULL)\n#1 /Users/nelnoki/localhost/index.php(111): include('/Users/nelnoki/...')\n#2 {main}\n  thrown in /Users/nelnoki/localhost/php/applications.php on line 28, referer: http://localhost/index.php?page=home
[Mon May 06 23:16:11.233114 2024] [php:warn] [pid 29158] [client ::1:53022] PHP Warning:  Undefined array key "stName" in /Users/nelnoki/localhost/php/applications.php on line 65, referer: http://localhost/index.php?page=applications&action=delete_application&ID=30
[Mon May 06 23:16:11.233710 2024] [php:warn] [pid 29158] [client ::1:53022] PHP Warning:  Undefined array key "stSurname" in /Users/nelnoki/localhost/php/applications.php on line 66, referer: http://localhost/index.php?page=applications&action=delete_application&ID=30
[Mon May 06 23:16:11.233734 2024] [php:warn] [pid 29158] [client ::1:53022] PHP Warning:  Undefined array key "prEmail" in /Users/nelnoki/localhost/php/applications.php on line 66, referer: http://localhost/index.php?page=applications&action=delete_application&ID=30
[Mon May 06 23:16:11.233743 2024] [php:warn] [pid 29158] [client ::1:53022] PHP Warning:  Undefined array key "date" in /Users/nelnoki/localhost/php/applications.php on line 66, referer: http://localhost/index.php?page=applications&action=delete_application&ID=30
[Mon May 06 23:16:11.233750 2024] [php:warn] [pid 29158] [client ::1:53022] PHP Warning:  Undefined array key "ID" in /Users/nelnoki/localhost/php/applications.php on line 67, referer: http://localhost/index.php?page=applications&action=delete_application&ID=30
[Mon May 06 23:16:11.233954 2024] [php:error] [pid 29158] [client ::1:53022] PHP Fatal error:  Uncaught mysqli_sql_exception: You have an error in your SQL syntax; check the manual that corresponds to your MySQL server version for the right syntax to use near '' at line 1 in /Users/nelnoki/localhost/php/applications.php:69\nStack trace:\n#0 /Users/nelnoki/localhost/php/applications.php(69): mysqli_query(Object(mysqli), 'update Applicat...')\n#1 /Users/nelnoki/localhost/index.php(111): include('/Users/nelnoki/...')\n#2 {main}\n  thrown in /Users/nelnoki/localhost/php/applications.php on line 69, referer: http://localhost/index.php?page=applications&action=delete_application&ID=30
[Mon May 06 23:16:15.004510 2024] [php:warn] [pid 28348] [client ::1:53023] PHP Warning:  Undefined array key "stName" in /Users/nelnoki/localhost/php/applications.php on line 65, referer: http://localhost/index.php?page=applications&action=update_application&ID=30
[Mon May 06 23:16:15.004784 2024] [php:warn] [pid 28348] [client ::1:53023] PHP Warning:  Undefined array key "stSurname" in /Users/nelnoki/localhost/php/applications.php on line 66, referer: http://localhost/index.php?page=applications&action=update_application&ID=30
[Mon May 06 23:16:15.004803 2024] [php:warn] [pid 28348] [client ::1:53023] PHP Warning:  Undefined array key "prEmail" in /Users/nelnoki/localhost/php/applications.php on line 66, referer: http://localhost/index.php?page=applications&action=update_application&ID=30
[Mon May 06 23:16:15.004812 2024] [php:warn] [pid 28348] [client ::1:53023] PHP Warning:  Undefined array key "date" in /Users/nelnoki/localhost/php/applications.php on line 66, referer: http://localhost/index.php?page=applications&action=update_application&ID=30
[Mon May 06 23:16:15.004819 2024] [php:warn] [pid 28348] [client ::1:53023] PHP Warning:  Undefined array key "ID" in /Users/nelnoki/localhost/php/applications.php on line 67, referer: http://localhost/index.php?page=applications&action=update_application&ID=30
[Mon May 06 23:16:15.005037 2024] [php:error] [pid 28348] [client ::1:53023] PHP Fatal error:  Uncaught mysqli_sql_exception: You have an error in your SQL syntax; check the manual that corresponds to your MySQL server version for the right syntax to use near '' at line 1 in /Users/nelnoki/localhost/php/applications.php:69\nStack trace:\n#0 /Users/nelnoki/localhost/php/applications.php(69): mysqli_query(Object(mysqli), 'update Applicat...')\n#1 /Users/nelnoki/localhost/index.php(111): include('/Users/nelnoki/...')\n#2 {main}\n  thrown in /Users/nelnoki/localhost/php/applications.php on line 69, referer: http://localhost/index.php?page=applications&action=update_application&ID=30
[Mon May 06 23:16:23.373624 2024] [php:warn] [pid 28310] [client ::1:53076] PHP Warning:  Undefined array key "stName" in /Users/nelnoki/localhost/php/applications.php on line 65, referer: http://localhost/index.php?page=applications
[Mon May 06 23:16:23.373895 2024] [php:warn] [pid 28310] [client ::1:53076] PHP Warning:  Undefined array key "stSurname" in /Users/nelnoki/localhost/php/applications.php on line 66, referer: http://localhost/index.php?page=applications
[Mon May 06 23:16:23.373920 2024] [php:warn] [pid 28310] [client ::1:53076] PHP Warning:  Undefined array key "prEmail" in /Users/nelnoki/localhost/php/applications.php on line 66, referer: http://localhost/index.php?page=applications
[Mon May 06 23:16:23.373930 2024] [php:warn] [pid 28310] [client ::1:53076] PHP Warning:  Undefined array key "date" in /Users/nelnoki/localhost/php/applications.php on line 66, referer: http://localhost/index.php?page=applications
[Mon May 06 23:16:23.373937 2024] [php:warn] [pid 28310] [client ::1:53076] PHP Warning:  Undefined array key "ID" in /Users/nelnoki/localhost/php/applications.php on line 67, referer: http://localhost/index.php?page=applications
[Mon May 06 23:16:23.374160 2024] [php:error] [pid 28310] [client ::1:53076] PHP Fatal error:  Uncaught mysqli_sql_exception: You have an error in your SQL syntax; check the manual that corresponds to your MySQL server version for the right syntax to use near '' at line 1 in /Users/nelnoki/localhost/php/applications.php:69\nStack trace:\n#0 /Users/nelnoki/localhost/php/applications.php(69): mysqli_query(Object(mysqli), 'update Applicat...')\n#1 /Users/nelnoki/localhost/index.php(111): include('/Users/nelnoki/...')\n#2 {main}\n  thrown in /Users/nelnoki/localhost/php/applications.php on line 69, referer: http://localhost/index.php?page=applications
[Tue May 07 09:29:20.613171 2024] [php:error] [pid 28171] [client ::1:64054] PHP Parse error:  syntax error, unexpected identifier "value" in /Users/nelnoki/localhost/php/applications.php on line 62, referer: http://localhost/index.php?page=applications
[Tue May 07 11:40:36.828615 2024] [php:error] [pid 29158] [client ::1:54426] PHP Fatal error:  Uncaught mysqli_sql_exception: Out of range value for column 'stNumber' at row 1 in /Users/nelnoki/localhost/php/registration_form.php:80\nStack trace:\n#0 /Users/nelnoki/localhost/php/registration_form.php(80): mysqli_query(Object(mysqli), 'INSERT INTO app...')\n#1 /Users/nelnoki/localhost/index.php(111): include('/Users/nelnoki/...')\n#2 {main}\n  thrown in /Users/nelnoki/localhost/php/registration_form.php on line 80, referer: http://localhost/index.php?page=registration_form
[Tue May 07 11:54:50.954761 2024] [php:warn] [pid 28341] [client ::1:55253] PHP Warning:  Cannot modify header information - headers already sent by (output started at /Users/nelnoki/localhost/php/applications.php:37) in /Users/nelnoki/localhost/php/applications.php on line 105, referer: http://localhost/index.php?page=applications&action=update_application_form&ID=34
[Tue May 07 11:55:07.124265 2024] [php:warn] [pid 28185] [client ::1:55254] PHP Warning:  Cannot modify header information - headers already sent by (output started at /Users/nelnoki/localhost/php/applications.php:37) in /Users/nelnoki/localhost/php/applications.php on line 105, referer: http://localhost/index.php?page=applications&action=update_application_form&ID=34
[Tue May 07 12:02:08.990021 2024] [php:warn] [pid 28341] [client ::1:55522] PHP Warning:  Cannot modify header information - headers already sent by (output started at /Users/nelnoki/localhost/php/applications.php:37) in /Users/nelnoki/localhost/php/applications.php on line 108, referer: http://localhost/index.php?page=applications&action=update_application_form&ID=1
[Tue May 07 14:18:43.096042 2024] [php:error] [pid 28349] [client ::1:51953] PHP Fatal error:  Uncaught mysqli_sql_exception: Duplicate entry '1' for key 'coursesapplications.courseID' in /Users/nelnoki/localhost/php/registration_form.php:99\nStack trace:\n#0 /Users/nelnoki/localhost/php/registration_form.php(99): mysqli_query(Object(mysqli), 'INSERT INTO Cou...')\n#1 /Users/nelnoki/localhost/index.php(114): include('/Users/nelnoki/...')\n#2 {main}\n  thrown in /Users/nelnoki/localhost/php/registration_form.php on line 99, referer: http://localhost/index.php?page=registration_form
[Tue May 07 14:18:58.438827 2024] [php:error] [pid 28171] [client ::1:52021] PHP Fatal error:  Uncaught mysqli_sql_exception: Duplicate entry '1' for key 'coursesapplications.courseID' in /Users/nelnoki/localhost/php/registration_form.php:99\nStack trace:\n#0 /Users/nelnoki/localhost/php/registration_form.php(99): mysqli_query(Object(mysqli), 'INSERT INTO Cou...')\n#1 /Users/nelnoki/localhost/index.php(114): include('/Users/nelnoki/...')\n#2 {main}\n  thrown in /Users/nelnoki/localhost/php/registration_form.php on line 99, referer: http://localhost/index.php?page=registration_form
[Tue May 07 14:19:18.808689 2024] [php:error] [pid 28310] [client ::1:52104] PHP Fatal error:  Uncaught mysqli_sql_exception: Duplicate entry '1' for key 'coursesapplications.courseID' in /Users/nelnoki/localhost/php/registration_form.php:99\nStack trace:\n#0 /Users/nelnoki/localhost/php/registration_form.php(99): mysqli_query(Object(mysqli), 'INSERT INTO Cou...')\n#1 /Users/nelnoki/localhost/index.php(114): include('/Users/nelnoki/...')\n#2 {main}\n  thrown in /Users/nelnoki/localhost/php/registration_form.php on line 99, referer: http://localhost/index.php?page=registration_form
[Tue May 07 14:20:06.506664 2024] [php:error] [pid 28348] [client ::1:52315] PHP Fatal error:  Uncaught mysqli_sql_exception: Duplicate entry '1' for key 'coursesapplications.courseID' in /Users/nelnoki/localhost/php/registration_form.php:99\nStack trace:\n#0 /Users/nelnoki/localhost/php/registration_form.php(99): mysqli_query(Object(mysqli), 'INSERT INTO Cou...')\n#1 /Users/nelnoki/localhost/index.php(114): include('/Users/nelnoki/...')\n#2 {main}\n  thrown in /Users/nelnoki/localhost/php/registration_form.php on line 99, referer: http://localhost/index.php?page=registration_form
[Thu May 09 01:07:21.892080 2024] [php:warn] [pid 29158] [client ::1:63438] PHP Warning:  Undefined array key "engtitle" in /Users/nelnoki/localhost/index.php on line 82, referer: http://localhost/index.php?page=news
[Thu May 09 01:07:21.893205 2024] [php:warn] [pid 29158] [client ::1:63438] PHP Warning:  Undefined array key "rustitle" in /Users/nelnoki/localhost/index.php on line 83, referer: http://localhost/index.php?page=news
[Thu May 09 01:07:21.893221 2024] [php:warn] [pid 29158] [client ::1:63438] PHP Warning:  Undefined array key "engtitle" in /Users/nelnoki/localhost/index.php on line 82, referer: http://localhost/index.php?page=news
[Thu May 09 01:07:21.893228 2024] [php:warn] [pid 29158] [client ::1:63438] PHP Warning:  Undefined array key "rustitle" in /Users/nelnoki/localhost/index.php on line 83, referer: http://localhost/index.php?page=news
[Thu May 09 01:07:21.893236 2024] [php:warn] [pid 29158] [client ::1:63438] PHP Warning:  Undefined array key "engtitle" in /Users/nelnoki/localhost/index.php on line 82, referer: http://localhost/index.php?page=news
[Thu May 09 01:07:21.893243 2024] [php:warn] [pid 29158] [client ::1:63438] PHP Warning:  Undefined array key "rustitle" in /Users/nelnoki/localhost/index.php on line 83, referer: http://localhost/index.php?page=news
[Thu May 09 01:07:21.893251 2024] [php:warn] [pid 29158] [client ::1:63438] PHP Warning:  Undefined array key "engtitle" in /Users/nelnoki/localhost/index.php on line 82, referer: http://localhost/index.php?page=news
[Thu May 09 01:07:21.893257 2024] [php:warn] [pid 29158] [client ::1:63438] PHP Warning:  Undefined array key "rustitle" in /Users/nelnoki/localhost/index.php on line 83, referer: http://localhost/index.php?page=news
[Thu May 09 01:07:21.893264 2024] [php:warn] [pid 29158] [client ::1:63438] PHP Warning:  Undefined array key "engtitle" in /Users/nelnoki/localhost/index.php on line 82, referer: http://localhost/index.php?page=news
[Thu May 09 01:07:21.893270 2024] [php:warn] [pid 29158] [client ::1:63438] PHP Warning:  Undefined array key "rustitle" in /Users/nelnoki/localhost/index.php on line 83, referer: http://localhost/index.php?page=news
[Thu May 09 01:11:45.147937 2024] [php:error] [pid 28284] [client ::1:64545] PHP Parse error:  syntax error, unexpected token ":" in /Users/nelnoki/localhost/php/courses.php on line 78, referer: http://localhost/index.php?page=courses&age=14
[Fri May 10 02:28:11.193174 2024] [php:error] [pid 39109] [client ::1:51350] PHP Fatal error:  Uncaught mysqli_sql_exception: Duplicate entry '3' for key 'coursesapplications.courseID' in /Users/nelnoki/localhost/php/registration_form.php:94\nStack trace:\n#0 /Users/nelnoki/localhost/php/registration_form.php(94): mysqli_query(Object(mysqli), 'INSERT INTO Cou...')\n#1 /Users/nelnoki/localhost/index.php(112): include('/Users/nelnoki/...')\n#2 {main}\n  thrown in /Users/nelnoki/localhost/php/registration_form.php on line 94, referer: http://localhost/index.php?page=registration_form&action=add_application
[Fri May 10 02:35:21.970179 2024] [php:warn] [pid 28341] [client ::1:53298] PHP Warning:  foreach() argument must be of type array|object, string given in /Users/nelnoki/localhost/php/registration_form.php on line 89, referer: http://localhost/index.php?page=registration_form&action=add_application
[Fri May 10 02:37:47.224141 2024] [php:warn] [pid 33092] [client ::1:53907] PHP Warning:  foreach() argument must be of type array|object, string given in /Users/nelnoki/localhost/php/registration_form.php on line 89, referer: http://localhost/index.php?page=registration_form&action=add_application
[Fri May 10 02:39:56.477128 2024] [php:warn] [pid 28349] [client ::1:54432] PHP Warning:  Undefined array key "id" in /Users/nelnoki/localhost/php/registration_form.php on line 97, referer: http://localhost/index.php?page=registration_form&action=add_application
[Fri May 10 02:39:56.478481 2024] [php:error] [pid 28349] [client ::1:54432] PHP Fatal error:  Uncaught mysqli_sql_exception: You have an error in your SQL syntax; check the manual that corresponds to your MySQL server version for the right syntax to use near ')' at line 1 in /Users/nelnoki/localhost/php/registration_form.php:100\nStack trace:\n#0 /Users/nelnoki/localhost/php/registration_form.php(100): mysqli_query(Object(mysqli), 'INSERT INTO Cou...')\n#1 /Users/nelnoki/localhost/index.php(112): include('/Users/nelnoki/...')\n#2 {main}\n  thrown in /Users/nelnoki/localhost/php/registration_form.php on line 100, referer: http://localhost/index.php?page=registration_form&action=add_application
[Fri May 10 02:40:52.437080 2024] [php:error] [pid 36861] [client ::1:54762] PHP Fatal error:  Uncaught mysqli_sql_exception: Duplicate entry '1' for key 'coursesapplications.courseID' in /Users/nelnoki/localhost/php/registration_form.php:100\nStack trace:\n#0 /Users/nelnoki/localhost/php/registration_form.php(100): mysqli_query(Object(mysqli), 'INSERT INTO Cou...')\n#1 /Users/nelnoki/localhost/index.php(112): include('/Users/nelnoki/...')\n#2 {main}\n  thrown in /Users/nelnoki/localhost/php/registration_form.php on line 100, referer: http://localhost/index.php?page=registration_form&action=add_application
[Fri May 10 02:42:51.122782 2024] [php:error] [pid 39109] [client ::1:55343] PHP Fatal error:  Uncaught mysqli_sql_exception: Duplicate entry '1' for key 'coursesapplications.courseID' in /Users/nelnoki/localhost/php/registration_form.php:102\nStack trace:\n#0 /Users/nelnoki/localhost/php/registration_form.php(102): mysqli_query(Object(mysqli), 'INSERT INTO Cou...')\n#1 /Users/nelnoki/localhost/index.php(112): include('/Users/nelnoki/...')\n#2 {main}\n  thrown in /Users/nelnoki/localhost/php/registration_form.php on line 102, referer: http://localhost/index.php?page=registration_form&action=add_application
[Fri May 10 02:44:57.961380 2024] [php:error] [pid 28341] [client ::1:55889] PHP Fatal error:  Uncaught mysqli_sql_exception: Duplicate entry '1' for key 'coursesapplications.courseID' in /Users/nelnoki/localhost/php/registration_form.php:100\nStack trace:\n#0 /Users/nelnoki/localhost/php/registration_form.php(100): mysqli_query(Object(mysqli), 'INSERT INTO Cou...')\n#1 /Users/nelnoki/localhost/index.php(112): include('/Users/nelnoki/...')\n#2 {main}\n  thrown in /Users/nelnoki/localhost/php/registration_form.php on line 100, referer: http://localhost/index.php?page=registration_form&action=add_application
[Fri May 10 02:46:12.655696 2024] [php:error] [pid 33092] [client ::1:56192] PHP Fatal error:  Uncaught mysqli_sql_exception: Duplicate entry '1' for key 'coursesapplications.courseID' in /Users/nelnoki/localhost/php/registration_form.php:100\nStack trace:\n#0 /Users/nelnoki/localhost/php/registration_form.php(100): mysqli_query(Object(mysqli), 'INSERT INTO Cou...')\n#1 /Users/nelnoki/localhost/index.php(112): include('/Users/nelnoki/...')\n#2 {main}\n  thrown in /Users/nelnoki/localhost/php/registration_form.php on line 100, referer: http://localhost/index.php?page=registration_form&action=add_application
[Fri May 10 03:12:26.211570 2024] [php:error] [pid 39109] [client ::1:62859] PHP Fatal error:  Uncaught mysqli_sql_exception: Incorrect datetime value: 'Fri-05-24 00:12:26' for column 'date' at row 1 in /Users/nelnoki/localhost/php/registration_form.php:87\nStack trace:\n#0 /Users/nelnoki/localhost/php/registration_form.php(87): mysqli_query(Object(mysqli), 'INSERT INTO app...')\n#1 /Users/nelnoki/localhost/index.php(112): include('/Users/nelnoki/...')\n#2 {main}\n  thrown in /Users/nelnoki/localhost/php/registration_form.php on line 87, referer: http://localhost/index.php?page=registration_form&action=add_application
[Fri May 10 03:14:07.146371 2024] [php:error] [pid 28341] [client ::1:63279] PHP Fatal error:  Uncaught mysqli_sql_exception: Incorrect datetime value: '10-05-2024 00:14:07' for column 'date' at row 1 in /Users/nelnoki/localhost/php/registration_form.php:87\nStack trace:\n#0 /Users/nelnoki/localhost/php/registration_form.php(87): mysqli_query(Object(mysqli), 'INSERT INTO app...')\n#1 /Users/nelnoki/localhost/index.php(112): include('/Users/nelnoki/...')\n#2 {main}\n  thrown in /Users/nelnoki/localhost/php/registration_form.php on line 87, referer: http://localhost/index.php?page=registration_form&action=add_application
[Fri May 10 04:43:19.270566 2024] [php:warn] [pid 28341] [client ::1:52937] PHP Warning:  Cannot modify header information - headers already sent by (output started at /Users/nelnoki/localhost/php/applications.php:35) in /Users/nelnoki/localhost/php/applications.php on line 111, referer: http://localhost/index.php?page=applications&action=update_application_form&ID=2
[Fri May 10 04:44:36.848554 2024] [php:warn] [pid 39109] [client ::1:53259] PHP Warning:  Cannot modify header information - headers already sent by (output started at /Users/nelnoki/localhost/php/applications.php:35) in /Users/nelnoki/localhost/php/applications.php on line 111, referer: http://localhost/index.php?page=applications&action=update_application_form&ID=2
[Fri May 10 04:44:36.849661 2024] [php:error] [pid 39109] [client ::1:53259] PHP Fatal error:  Uncaught mysqli_sql_exception: Incorrect integer value: '' for column 'prNumber' at row 1 in /Users/nelnoki/localhost/php/applications.php:112\nStack trace:\n#0 /Users/nelnoki/localhost/php/applications.php(112): mysqli_query(Object(mysqli), 'update Applicat...')\n#1 /Users/nelnoki/localhost/index.php(112): include('/Users/nelnoki/...')\n#2 {main}\n  thrown in /Users/nelnoki/localhost/php/applications.php on line 112, referer: http://localhost/index.php?page=applications&action=update_application_form&ID=2
[Fri May 10 04:44:55.516183 2024] [php:warn] [pid 28310] [client ::1:53294] PHP Warning:  Cannot modify header information - headers already sent by (output started at /Users/nelnoki/localhost/php/applications.php:35) in /Users/nelnoki/localhost/php/applications.php on line 111, referer: http://localhost/index.php?page=applications&action=update_application_form&ID=2
[Fri May 10 04:44:55.517328 2024] [php:error] [pid 28310] [client ::1:53294] PHP Fatal error:  Uncaught mysqli_sql_exception: Incorrect integer value: '' for column 'prNumber' at row 1 in /Users/nelnoki/localhost/php/applications.php:112\nStack trace:\n#0 /Users/nelnoki/localhost/php/applications.php(112): mysqli_query(Object(mysqli), 'update Applicat...')\n#1 /Users/nelnoki/localhost/index.php(112): include('/Users/nelnoki/...')\n#2 {main}\n  thrown in /Users/nelnoki/localhost/php/applications.php on line 112, referer: http://localhost/index.php?page=applications&action=update_application_form&ID=2
[Fri May 10 05:07:52.186618 2024] [php:warn] [pid 29158] [client ::1:58992] PHP Warning:  Cannot modify header information - headers already sent by (output started at /Users/nelnoki/localhost/php/applications.php:35) in /Users/nelnoki/localhost/php/applications.php on line 123, referer: http://localhost/index.php?page=applications&action=update_application_form&ID=2
[Fri May 10 05:10:39.981494 2024] [php:warn] [pid 28310] [client ::1:59696] PHP Warning:  Undefined variable $sqlDeleteCourses in /Users/nelnoki/localhost/php/applications.php on line 113, referer: http://localhost/index.php?page=applications&action=update_application_form&ID=2
[Fri May 10 05:10:39.982650 2024] [php:error] [pid 28310] [client ::1:59696] PHP Fatal error:  Uncaught ValueError: mysqli_query(): Argument #2 ($query) cannot be empty in /Users/nelnoki/localhost/php/applications.php:113\nStack trace:\n#0 /Users/nelnoki/localhost/php/applications.php(113): mysqli_query(Object(mysqli), '')\n#1 /Users/nelnoki/localhost/index.php(112): include('/Users/nelnoki/...')\n#2 {main}\n  thrown in /Users/nelnoki/localhost/php/applications.php on line 113, referer: http://localhost/index.php?page=applications&action=update_application_form&ID=2
[Fri May 10 05:11:02.362196 2024] [php:warn] [pid 28349] [client ::1:59736] PHP Warning:  Cannot modify header information - headers already sent by (output started at /Users/nelnoki/localhost/php/applications.php:22) in /Users/nelnoki/localhost/php/applications.php on line 124, referer: http://localhost/index.php?page=applications&action=update_application_form&ID=2
[Fri May 10 05:11:30.003570 2024] [php:warn] [pid 28341] [client ::1:59907] PHP Warning:  Cannot modify header information - headers already sent by (output started at /Users/nelnoki/localhost/php/applications.php:35) in /Users/nelnoki/localhost/php/applications.php on line 124, referer: http://localhost/index.php?page=applications&action=update_application_form&ID=2
[Fri May 10 05:14:13.729685 2024] [php:warn] [pid 28284] [client ::1:60549] PHP Warning:  Trying to access array offset on null in /Users/nelnoki/localhost/php/applications.php on line 123, referer: http://localhost/index.php?page=applications&action=update_application_form&ID=2
[Fri May 10 05:14:13.730796 2024] [php:error] [pid 28284] [client ::1:60549] PHP Fatal error:  Uncaught mysqli_sql_exception: You have an error in your SQL syntax; check the manual that corresponds to your MySQL server version for the right syntax to use near ')' at line 1 in /Users/nelnoki/localhost/php/applications.php:126\nStack trace:\n#0 /Users/nelnoki/localhost/php/applications.php(126): mysqli_query(Object(mysqli), 'INSERT INTO Cou...')\n#1 /Users/nelnoki/localhost/index.php(112): include('/Users/nelnoki/...')\n#2 {main}\n  thrown in /Users/nelnoki/localhost/php/applications.php on line 126, referer: http://localhost/index.php?page=applications&action=update_application_form&ID=2
[Sun May 26 00:32:36.503599 2024] [php:warn] [pid 93810] [client ::1:53021] PHP Warning:  Undefined array key "chosen_courses" in /Users/nelnoki/localhost/php/registration_form.php on line 94, referer: http://localhost/index.php?page=registration_form
[Sun May 26 00:32:36.503967 2024] [php:warn] [pid 93810] [client ::1:53021] PHP Warning:  foreach() argument must be of type array|object, null given in /Users/nelnoki/localhost/php/registration_form.php on line 94, referer: http://localhost/index.php?page=registration_form
